OWNED BY I4K
CUnitAutomated-Listing.xml
CUnitAutomated-Results.xml
CUnit-List.dtd
CUnit-List.xsl
CUnit-Run.dtd
CUnit-Run.xsl
host
infected
infection
Makefile
Makefile.am
Makefile.in
malang
malang.c
malelf_object
malwares
min.asm
min.hex
test_infection.c
test_infection_i4k.c
test_infection-Listing.xml
test_infection.o
test_infection-Results.xml
test_malelf_object.c
test_malelf_object-Listing.xml
test_malelf_object.o
test_malelf_object-Results.xml
test.out
