OWNED BY I4K
  PID TTY          TIME CMD
 3818 pts/0    00:00:02 bash
28800 pts/0    00:00:00 make
28801 pts/0    00:00:00 bash
28811 pts/0    00:00:00 make
28877 pts/0    00:00:00 make
28878 pts/0    00:00:00 bash
28895 pts/0    00:00:00 lt-infection
28942 pts/0    00:00:00 sh
28943 pts/0    00:00:00 ps
