OWNED BY I4K
/home/i4k/hack/projetos/malelficus/test
